Copyright 1986-2016 Xilinx, Inc. All Rights Reserved.
--------------------------------------------------------------------------------------------------------
| Tool Version : Vivado v.2016.4 (lin64) Build 1733598 Wed Dec 14 22:35:42 MST 2016
| Date         : Tue Mar 28 17:18:44 2017
| Host         : ux305 running 64-bit Debian GNU/Linux 9.0 (stretch)
| Command      : report_clock_utilization -file adc2dac_ram_offset_wrapper_clock_utilization_routed.rpt
| Design       : adc2dac_ram_offset_wrapper
| Device       : 7z010-clg400
| Speed File   : -1  PRODUCTION 1.11 2014-09-11
--------------------------------------------------------------------------------------------------------

Clock Utilization Report

Table of Contents
-----------------
1. Clock Primitive Utilization
2. Global Clock Resources
3. Global Clock Source Details
4. Clock Regions: Key Resource Utilization
5. Clock Regions : Global Clock Summary
6. Cell Type Counts per Global Clock: Region X0Y0
7. Cell Type Counts per Global Clock: Region X1Y0
8. Cell Type Counts per Global Clock: Region X0Y1
9. Cell Type Counts per Global Clock: Region X1Y1
10. Load Cell Placement Summary for Global Clock g0
11. Load Cell Placement Summary for Global Clock g1
12. Load Cell Placement Summary for Global Clock g2
13. Load Cell Placement Summary for Global Clock g3
14. Load Cell Placement Summary for Global Clock g4
15. Load Cell Placement Summary for Global Clock g5

1. Clock Primitive Utilization
------------------------------

+----------+------+-----------+-----+--------------+--------+
| Type     | Used | Available | LOC | Clock Region | Pblock |
+----------+------+-----------+-----+--------------+--------+
| BUFGCTRL |    6 |        32 |   0 |            0 |      0 |
| BUFH     |    0 |        48 |   0 |            0 |      0 |
| BUFIO    |    0 |         8 |   0 |            0 |      0 |
| BUFMR    |    0 |         4 |   0 |            0 |      0 |
| BUFR     |    0 |         8 |   0 |            0 |      0 |
| MMCM     |    0 |         2 |   0 |            0 |      0 |
| PLL      |    1 |         2 |   0 |            0 |      0 |
+----------+------+-----------+-----+--------------+--------+


2. Global Clock Resources
-------------------------

+-----------+-----------+-----------------+------------+---------------+--------------+------+-------------------+-------------------+-------------+-----------------+--------------+--------------+------------------------------------------------------------------------------------+------------------------------------------------------------------+
| Global Id | Source Id | Driver Type/Pin | Constraint | Site          | Clock Region | Root | Clock Delay Group | Load Clock Region | Clock Loads | Non-Clock Loads | Clock Period | Clock        | Driver Pin                                                                         | Net                                                              |
+-----------+-----------+-----------------+------------+---------------+--------------+------+-------------------+-------------------+-------------+-----------------+--------------+--------------+------------------------------------------------------------------------------------+------------------------------------------------------------------+
| g0        | src0      | BUFG/O          | None       | BUFGCTRL_X0Y0 | n/a          |      |                   |                 3 |         891 |               0 |        8.000 | clk_fpga_0   | adc2dac_ram_offset_i/processing_system7_0/inst/buffer_fclk_clk_0.FCLK_CLK_0_BUFG/O | adc2dac_ram_offset_i/processing_system7_0/inst/FCLK_CLK0         |
| g1        | src1      | BUFG/O          | None       | BUFGCTRL_X0Y1 | n/a          |      |                   |                 2 |         210 |               0 |        8.000 | adc_clk      | adc2dac_ram_offset_i/redpitaya_adc_dac_clk_0/inst/i_adc_buf/O                      | adc2dac_ram_offset_i/redpitaya_adc_dac_clk_0/inst/adc_clk_o      |
| g2        | src2      | BUFG/O          | None       | BUFGCTRL_X0Y2 | n/a          |      |                   |                 2 |          73 |               0 |        8.000 | dac_clk_out  | adc2dac_ram_offset_i/redpitaya_adc_dac_clk_0/inst/i_dac1_buf/O                     | adc2dac_ram_offset_i/redpitaya_adc_dac_clk_0/inst/dac_clk_o      |
| g3        | src2      | BUFG/O          | None       | BUFGCTRL_X0Y3 | n/a          |      |                   |                 1 |           1 |               0 |        4.000 | dac_2clk_out | adc2dac_ram_offset_i/redpitaya_adc_dac_clk_0/inst/i_dac2_buf/O                     | adc2dac_ram_offset_i/redpitaya_adc_dac_clk_0/inst/dac_2clk_o     |
| g4        | src2      | BUFG/O          | None       | BUFGCTRL_X0Y4 | n/a          |      |                   |                 1 |           1 |               0 |        4.000 | dac_2ph_out  | adc2dac_ram_offset_i/redpitaya_adc_dac_clk_0/inst/i_dac2ph_buf/O                   | adc2dac_ram_offset_i/redpitaya_adc_dac_clk_0/inst/dac_2ph_o      |
| g5        | src2      | BUFG/O          | None       | BUFGCTRL_X0Y5 | n/a          |      |                   |                 1 |           1 |               0 |        8.000 | dac_clk_fb   | adc2dac_ram_offset_i/redpitaya_adc_dac_clk_0/inst/i_dacfb_buf/O                    | adc2dac_ram_offset_i/redpitaya_adc_dac_clk_0/inst/dac_clk_fb_buf |
+-----------+-----------+-----------------+------------+---------------+--------------+------+-------------------+-------------------+-------------+-----------------+--------------+--------------+------------------------------------------------------------------------------------+------------------------------------------------------------------+
* Clock Loads column represents the clock pin loads (pin count)
** Non-Clock Loads column represents the non-clock pin loads (pin count)


3. Global Clock Source Details
------------------------------

+-----------+-----------+--------------------+------------+----------------+--------------+-------------+-----------------+---------------------+--------------+------------------------------------------------------------------------+-----------------------------------------------------------------------+
| Source Id | Global Id | Driver Type/Pin    | Constraint | Site           | Clock Region | Clock Loads | Non-Clock Loads | Source Clock Period | Source Clock | Driver Pin                                                             | Net                                                                   |
+-----------+-----------+--------------------+------------+----------------+--------------+-------------+-----------------+---------------------+--------------+------------------------------------------------------------------------+-----------------------------------------------------------------------+
| src0      | g0        | PS7/FCLKCLK[0]     | PS7_X0Y0   | PS7_X0Y0       | X0Y1         |           1 |               0 |               8.000 | clk_fpga_0   | adc2dac_ram_offset_i/processing_system7_0/inst/PS7_i/FCLKCLK[0]        | adc2dac_ram_offset_i/processing_system7_0/inst/FCLK_CLK_unbuffered[0] |
| src1      | g1        | IBUFDS/O           | IOB_X0Y26  | IOB_X0Y26      | X1Y0         |           1 |               0 |               8.000 | adc_clk      | adc2dac_ram_offset_i/redpitaya_adc_dac_clk_0/inst/i_clk/O              | adc2dac_ram_offset_i/redpitaya_adc_dac_clk_0/inst/adc_clk_in          |
| src2      | g3        | PLLE2_ADV/CLKOUT1  | None       | PLLE2_ADV_X0Y0 | X1Y0         |           1 |               0 |               4.000 | dac_2clk_out | adc2dac_ram_offset_i/redpitaya_adc_dac_clk_0/inst/i_dac_plle2/CLKOUT1  | adc2dac_ram_offset_i/redpitaya_adc_dac_clk_0/inst/dac_2clk_out        |
| src2      | g4        | PLLE2_ADV/CLKOUT2  | None       | PLLE2_ADV_X0Y0 | X1Y0         |           1 |               0 |               4.000 | dac_2ph_out  | adc2dac_ram_offset_i/redpitaya_adc_dac_clk_0/inst/i_dac_plle2/CLKOUT2  | adc2dac_ram_offset_i/redpitaya_adc_dac_clk_0/inst/dac_2ph_out         |
| src2      | g5        | PLLE2_ADV/CLKFBOUT | None       | PLLE2_ADV_X0Y0 | X1Y0         |           1 |               0 |               8.000 | dac_clk_fb   | adc2dac_ram_offset_i/redpitaya_adc_dac_clk_0/inst/i_dac_plle2/CLKFBOUT | adc2dac_ram_offset_i/redpitaya_adc_dac_clk_0/inst/dac_clk_fb          |
| src2      | g2        | PLLE2_ADV/CLKOUT0  | None       | PLLE2_ADV_X0Y0 | X1Y0         |           1 |               0 |               8.000 | dac_clk_out  | adc2dac_ram_offset_i/redpitaya_adc_dac_clk_0/inst/i_dac_plle2/CLKOUT0  | adc2dac_ram_offset_i/redpitaya_adc_dac_clk_0/inst/dac_clk_out         |
+-----------+-----------+--------------------+------------+----------------+--------------+-------------+-----------------+---------------------+--------------+------------------------------------------------------------------------+-----------------------------------------------------------------------+
* Clock Loads column represents the clock pin loads (pin count)
** Non-Clock Loads column represents the non-clock pin loads (pin count)


4. Clock Regions: Key Resource Utilization
------------------------------------------

+-------------------+--------------+--------------+--------------+--------------+--------------+--------------+--------------+--------------+--------------+--------------+--------------+--------------+--------------+--------------+--------------+
|                   | Global Clock |     BUFRs    |    BUFMRs    |    BUFIOs    |     MMCM     |      PLL     |      GT      |      PCI     |    ILOGIC    |    OLOGIC    |      FF      |     LUTM     |    RAMB18    |    RAMB36    |    DSP48E2   |
+-------------------+------+-------+------+-------+------+-------+------+-------+------+-------+------+-------+------+-------+------+-------+------+-------+------+-------+------+-------+------+-------+------+-------+------+-------+------+-------+
| Clock Region Name | Used | Avail | Used | Avail | Used | Avail | Used | Avail | Used | Avail | Used | Avail | Used | Avail | Used | Avail | Used | Avail | Used | Avail | Used | Avail | Used | Avail | Used | Avail | Used | Avail | Used | Avail |
+-------------------+------+-------+------+-------+------+-------+------+-------+------+-------+------+-------+------+-------+------+-------+------+-------+------+-------+------+-------+------+-------+------+-------+------+-------+------+-------+
| X0Y0              |    2 |    12 |    0 |     0 |    0 |     0 |    0 |     0 |    0 |     0 |    0 |     0 |    0 |     0 |    0 |     0 |    0 |     0 |    0 |     0 |  717 |  1100 |  303 |   400 |    0 |    20 |    2 |    10 |    0 |    20 |
| X1Y0              |    4 |    12 |    0 |     4 |    0 |     2 |    0 |     4 |    0 |     1 |    1 |     1 |    0 |     0 |    0 |     0 |   28 |    50 |    0 |    50 |  189 |  1100 |   34 |   350 |    0 |    40 |    2 |    20 |    0 |    20 |
| X0Y1              |    1 |    12 |    0 |     0 |    0 |     0 |    0 |     0 |    0 |     0 |    0 |     0 |    0 |     0 |    0 |     0 |    0 |     0 |    0 |     0 |  147 |  1100 |   79 |   400 |    0 |    20 |    0 |    10 |    0 |    20 |
| X1Y1              |    3 |    12 |    0 |     4 |    0 |     2 |    0 |     4 |    0 |     1 |    0 |     1 |    0 |     0 |    0 |     0 |    0 |    50 |   18 |    50 |   29 |  1100 |   28 |   350 |    0 |    40 |    0 |    20 |    0 |    20 |
+-------------------+------+-------+------+-------+------+-------+------+-------+------+-------+------+-------+------+-------+------+-------+------+-------+------+-------+------+-------+------+-------+------+-------+------+-------+------+-------+
* Global Clock column represents track count; while other columns represents cell counts


5. Clock Regions : Global Clock Summary
---------------------------------------

+----+----+----+
|    | X0 | X1 |
+----+----+----+
| Y1 |  1 |  3 |
| Y0 |  2 |  4 |
+----+----+----+


6. Cell Type Counts per Global Clock: Region X0Y0
-------------------------------------------------

+-----------+-------+-----------------+------------+-------------+-----------------+-----+--------+------+-----+----+------+-----+---------+-------------------------------------------------------------+
| Global Id | Track | Driver Type/Pin | Constraint | Clock Loads | Non-Clock Loads | FF  | LUTRAM | RAMB | DSP | GT | MMCM | PLL | Hard IP | Net                                                         |
+-----------+-------+-----------------+------------+-------------+-----------------+-----+--------+------+-----+----+------+-----+---------+-------------------------------------------------------------+
| g0        | n/a   | BUFG/O          | None       |         732 |               0 | 672 |     58 |    2 |   0 |  0 |    0 |   0 |       0 | adc2dac_ram_offset_i/processing_system7_0/inst/FCLK_CLK0    |
| g1        | n/a   | BUFG/O          | None       |          47 |               0 |  45 |      0 |    2 |   0 |  0 |    0 |   0 |       0 | adc2dac_ram_offset_i/redpitaya_adc_dac_clk_0/inst/adc_clk_o |
+-----------+-------+-----------------+------------+-------------+-----------------+-----+--------+------+-----+----+------+-----+---------+-------------------------------------------------------------+
* Clock Loads column represents the clock pin loads (pin count)
** Non-Clock Loads column represents the non-clock pin loads (pin count)
*** Columns FF, LUTRAM, RAMB through 'Hard IP' represents load cell counts


7. Cell Type Counts per Global Clock: Region X1Y0
-------------------------------------------------

+-----------+-------+-----------------+------------+-------------+-----------------+-----+--------+------+-----+----+------+-----+---------+------------------------------------------------------------------+
| Global Id | Track | Driver Type/Pin | Constraint | Clock Loads | Non-Clock Loads | FF  | LUTRAM | RAMB | DSP | GT | MMCM | PLL | Hard IP | Net                                                              |
+-----------+-------+-----------------+------------+-------------+-----------------+-----+--------+------+-----+----+------+-----+---------+------------------------------------------------------------------+
| g0        | n/a   | BUFG/O          | None       |           3 |               0 |   1 |      0 |    2 |   0 |  0 |    0 |   0 |       0 | adc2dac_ram_offset_i/processing_system7_0/inst/FCLK_CLK0         |
| g1        | n/a   | BUFG/O          | None       |         163 |               0 | 160 |      0 |    2 |   0 |  0 |    0 |   1 |       0 | adc2dac_ram_offset_i/redpitaya_adc_dac_clk_0/inst/adc_clk_o      |
| g2        | n/a   | BUFG/O          | None       |          28 |               0 |  28 |      0 |    0 |   0 |  0 |    0 |   0 |       0 | adc2dac_ram_offset_i/redpitaya_adc_dac_clk_0/inst/dac_clk_o      |
| g5        | n/a   | BUFG/O          | None       |           1 |               0 |   0 |      0 |    0 |   0 |  0 |    0 |   1 |       0 | adc2dac_ram_offset_i/redpitaya_adc_dac_clk_0/inst/dac_clk_fb_buf |
+-----------+-------+-----------------+------------+-------------+-----------------+-----+--------+------+-----+----+------+-----+---------+------------------------------------------------------------------+
* Clock Loads column represents the clock pin loads (pin count)
** Non-Clock Loads column represents the non-clock pin loads (pin count)
*** Columns FF, LUTRAM, RAMB through 'Hard IP' represents load cell counts


8. Cell Type Counts per Global Clock: Region X0Y1
-------------------------------------------------

+-----------+-------+-----------------+------------+-------------+-----------------+-----+--------+------+-----+----+------+-----+---------+----------------------------------------------------------+
| Global Id | Track | Driver Type/Pin | Constraint | Clock Loads | Non-Clock Loads | FF  | LUTRAM | RAMB | DSP | GT | MMCM | PLL | Hard IP | Net                                                      |
+-----------+-------+-----------------+------------+-------------+-----------------+-----+--------+------+-----+----+------+-----+---------+----------------------------------------------------------+
| g0        | n/a   | BUFG/O          | None       |         156 |               0 | 147 |      8 |    0 |   0 |  0 |    0 |   0 |       0 | adc2dac_ram_offset_i/processing_system7_0/inst/FCLK_CLK0 |
+-----------+-------+-----------------+------------+-------------+-----------------+-----+--------+------+-----+----+------+-----+---------+----------------------------------------------------------+
* Clock Loads column represents the clock pin loads (pin count)
** Non-Clock Loads column represents the non-clock pin loads (pin count)
*** Columns FF, LUTRAM, RAMB through 'Hard IP' represents load cell counts


9. Cell Type Counts per Global Clock: Region X1Y1
-------------------------------------------------

+-----------+-------+-----------------+------------+-------------+-----------------+----+--------+------+-----+----+------+-----+---------+--------------------------------------------------------------+
| Global Id | Track | Driver Type/Pin | Constraint | Clock Loads | Non-Clock Loads | FF | LUTRAM | RAMB | DSP | GT | MMCM | PLL | Hard IP | Net                                                          |
+-----------+-------+-----------------+------------+-------------+-----------------+----+--------+------+-----+----+------+-----+---------+--------------------------------------------------------------+
| g2        | n/a   | BUFG/O          | None       |          45 |               0 | 29 |      0 |    0 |   0 |  0 |    0 |   0 |       0 | adc2dac_ram_offset_i/redpitaya_adc_dac_clk_0/inst/dac_clk_o  |
| g3        | n/a   | BUFG/O          | None       |           1 |               0 |  0 |      0 |    0 |   0 |  0 |    0 |   0 |       0 | adc2dac_ram_offset_i/redpitaya_adc_dac_clk_0/inst/dac_2clk_o |
| g4        | n/a   | BUFG/O          | None       |           1 |               0 |  0 |      0 |    0 |   0 |  0 |    0 |   0 |       0 | adc2dac_ram_offset_i/redpitaya_adc_dac_clk_0/inst/dac_2ph_o  |
+-----------+-------+-----------------+------------+-------------+-----------------+----+--------+------+-----+----+------+-----+---------+--------------------------------------------------------------+
* Clock Loads column represents the clock pin loads (pin count)
** Non-Clock Loads column represents the non-clock pin loads (pin count)
*** Columns FF, LUTRAM, RAMB through 'Hard IP' represents load cell counts


10. Load Cell Placement Summary for Global Clock g0
---------------------------------------------------

+-----------+-----------------+-------------------+------------+-------------+---------------+----------+-------------+----------+----------------+----------+----------------------------------------------------------+
| Global Id | Driver Type/Pin | Driver Region (D) | Clock      | Period (ns) | Waveform (ns) | Root (R) | Slice Loads | IO Loads | Clocking Loads | GT Loads | Net                                                      |
+-----------+-----------------+-------------------+------------+-------------+---------------+----------+-------------+----------+----------------+----------+----------------------------------------------------------+
| g0        | BUFG/O          | n/a               | clk_fpga_0 |       8.000 | {0.000 4.000} |          |         891 |        0 |              0 |        0 | adc2dac_ram_offset_i/processing_system7_0/inst/FCLK_CLK0 |
+-----------+-----------------+-------------------+------------+-------------+---------------+----------+-------------+----------+----------------+----------+----------------------------------------------------------+
* Slice Loads column represents load cell count of all cell types other than IO, GT and clock resources
** IO Loads column represents load cell count of IO types
*** Clocking Loads column represents load cell count that are clock resources (global clock buffer, MMCM, PLL, etc)
**** GT Loads column represents load cell count of GT types


+----+------+----+
|    | X0   | X1 |
+----+------+----+
| Y1 |  156 |  0 |
| Y0 |  732 |  3 |
+----+------+----+


11. Load Cell Placement Summary for Global Clock g1
---------------------------------------------------

+-----------+-----------------+-------------------+---------+-------------+---------------+----------+-------------+----------+----------------+----------+-------------------------------------------------------------+
| Global Id | Driver Type/Pin | Driver Region (D) | Clock   | Period (ns) | Waveform (ns) | Root (R) | Slice Loads | IO Loads | Clocking Loads | GT Loads | Net                                                         |
+-----------+-----------------+-------------------+---------+-------------+---------------+----------+-------------+----------+----------------+----------+-------------------------------------------------------------+
| g1        | BUFG/O          | n/a               | adc_clk |       8.000 | {0.000 4.000} |          |         209 |        0 |              1 |        0 | adc2dac_ram_offset_i/redpitaya_adc_dac_clk_0/inst/adc_clk_o |
+-----------+-----------------+-------------------+---------+-------------+---------------+----------+-------------+----------+----------------+----------+-------------------------------------------------------------+
* Slice Loads column represents load cell count of all cell types other than IO, GT and clock resources
** IO Loads column represents load cell count of IO types
*** Clocking Loads column represents load cell count that are clock resources (global clock buffer, MMCM, PLL, etc)
**** GT Loads column represents load cell count of GT types


+----+-----+------+
|    | X0  | X1   |
+----+-----+------+
| Y1 |   0 |    0 |
| Y0 |  47 |  163 |
+----+-----+------+


12. Load Cell Placement Summary for Global Clock g2
---------------------------------------------------

+-----------+-----------------+-------------------+-------------+-------------+---------------+----------+-------------+----------+----------------+----------+-------------------------------------------------------------+
| Global Id | Driver Type/Pin | Driver Region (D) | Clock       | Period (ns) | Waveform (ns) | Root (R) | Slice Loads | IO Loads | Clocking Loads | GT Loads | Net                                                         |
+-----------+-----------------+-------------------+-------------+-------------+---------------+----------+-------------+----------+----------------+----------+-------------------------------------------------------------+
| g2        | BUFG/O          | n/a               | dac_clk_out |       8.000 | {0.000 4.000} |          |          73 |        0 |              0 |        0 | adc2dac_ram_offset_i/redpitaya_adc_dac_clk_0/inst/dac_clk_o |
+-----------+-----------------+-------------------+-------------+-------------+---------------+----------+-------------+----------+----------------+----------+-------------------------------------------------------------+
* Slice Loads column represents load cell count of all cell types other than IO, GT and clock resources
** IO Loads column represents load cell count of IO types
*** Clocking Loads column represents load cell count that are clock resources (global clock buffer, MMCM, PLL, etc)
**** GT Loads column represents load cell count of GT types


+----+----+-----+
|    | X0 | X1  |
+----+----+-----+
| Y1 |  0 |  45 |
| Y0 |  0 |  28 |
+----+----+-----+


13. Load Cell Placement Summary for Global Clock g3
---------------------------------------------------

+-----------+-----------------+-------------------+--------------+-------------+---------------+----------+-------------+----------+----------------+----------+--------------------------------------------------------------+
| Global Id | Driver Type/Pin | Driver Region (D) | Clock        | Period (ns) | Waveform (ns) | Root (R) | Slice Loads | IO Loads | Clocking Loads | GT Loads | Net                                                          |
+-----------+-----------------+-------------------+--------------+-------------+---------------+----------+-------------+----------+----------------+----------+--------------------------------------------------------------+
| g3        | BUFG/O          | n/a               | dac_2clk_out |       4.000 | {0.000 2.000} |          |           1 |        0 |              0 |        0 | adc2dac_ram_offset_i/redpitaya_adc_dac_clk_0/inst/dac_2clk_o |
+-----------+-----------------+-------------------+--------------+-------------+---------------+----------+-------------+----------+----------------+----------+--------------------------------------------------------------+
* Slice Loads column represents load cell count of all cell types other than IO, GT and clock resources
** IO Loads column represents load cell count of IO types
*** Clocking Loads column represents load cell count that are clock resources (global clock buffer, MMCM, PLL, etc)
**** GT Loads column represents load cell count of GT types


+----+----+----+
|    | X0 | X1 |
+----+----+----+
| Y1 |  0 |  1 |
| Y0 |  0 |  0 |
+----+----+----+


14. Load Cell Placement Summary for Global Clock g4
---------------------------------------------------

+-----------+-----------------+-------------------+-------------+-------------+----------------+----------+-------------+----------+----------------+----------+-------------------------------------------------------------+
| Global Id | Driver Type/Pin | Driver Region (D) | Clock       | Period (ns) | Waveform (ns)  | Root (R) | Slice Loads | IO Loads | Clocking Loads | GT Loads | Net                                                         |
+-----------+-----------------+-------------------+-------------+-------------+----------------+----------+-------------+----------+----------------+----------+-------------------------------------------------------------+
| g4        | BUFG/O          | n/a               | dac_2ph_out |       4.000 | {-0.500 1.500} |          |           1 |        0 |              0 |        0 | adc2dac_ram_offset_i/redpitaya_adc_dac_clk_0/inst/dac_2ph_o |
+-----------+-----------------+-------------------+-------------+-------------+----------------+----------+-------------+----------+----------------+----------+-------------------------------------------------------------+
* Slice Loads column represents load cell count of all cell types other than IO, GT and clock resources
** IO Loads column represents load cell count of IO types
*** Clocking Loads column represents load cell count that are clock resources (global clock buffer, MMCM, PLL, etc)
**** GT Loads column represents load cell count of GT types


+----+----+----+
|    | X0 | X1 |
+----+----+----+
| Y1 |  0 |  1 |
| Y0 |  0 |  0 |
+----+----+----+


15. Load Cell Placement Summary for Global Clock g5
---------------------------------------------------

+-----------+-----------------+-------------------+------------+-------------+---------------+----------+-------------+----------+----------------+----------+------------------------------------------------------------------+
| Global Id | Driver Type/Pin | Driver Region (D) | Clock      | Period (ns) | Waveform (ns) | Root (R) | Slice Loads | IO Loads | Clocking Loads | GT Loads | Net                                                              |
+-----------+-----------------+-------------------+------------+-------------+---------------+----------+-------------+----------+----------------+----------+------------------------------------------------------------------+
| g5        | BUFG/O          | n/a               | dac_clk_fb |       8.000 | {0.000 4.000} |          |           0 |        0 |              1 |        0 | adc2dac_ram_offset_i/redpitaya_adc_dac_clk_0/inst/dac_clk_fb_buf |
+-----------+-----------------+-------------------+------------+-------------+---------------+----------+-------------+----------+----------------+----------+------------------------------------------------------------------+
* Slice Loads column represents load cell count of all cell types other than IO, GT and clock resources
** IO Loads column represents load cell count of IO types
*** Clocking Loads column represents load cell count that are clock resources (global clock buffer, MMCM, PLL, etc)
**** GT Loads column represents load cell count of GT types


+----+----+----+
|    | X0 | X1 |
+----+----+----+
| Y1 |  0 |  0 |
| Y0 |  0 |  1 |
+----+----+----+



# Location of BUFG Primitives 
set_property LOC BUFGCTRL_X0Y2 [get_cells adc2dac_ram_offset_i/redpitaya_adc_dac_clk_0/inst/i_dac1_buf]
set_property LOC BUFGCTRL_X0Y5 [get_cells adc2dac_ram_offset_i/redpitaya_adc_dac_clk_0/inst/i_dacfb_buf]
set_property LOC BUFGCTRL_X0Y4 [get_cells adc2dac_ram_offset_i/redpitaya_adc_dac_clk_0/inst/i_dac2ph_buf]
set_property LOC BUFGCTRL_X0Y3 [get_cells adc2dac_ram_offset_i/redpitaya_adc_dac_clk_0/inst/i_dac2_buf]
set_property LOC BUFGCTRL_X0Y1 [get_cells adc2dac_ram_offset_i/redpitaya_adc_dac_clk_0/inst/i_adc_buf]
set_property LOC BUFGCTRL_X0Y0 [get_cells adc2dac_ram_offset_i/processing_system7_0/inst/buffer_fclk_clk_0.FCLK_CLK_0_BUFG]

# Location of IO Primitives which is load of clock spine

# Location of clock ports
set_property LOC IOB_X0Y25 [get_ports adc_clk_n_i]
set_property LOC IOB_X0Y26 [get_ports adc_clk_p_i]

# Clock net "adc2dac_ram_offset_i/redpitaya_adc_dac_clk_0/inst/dac_clk_o" driven by instance "adc2dac_ram_offset_i/redpitaya_adc_dac_clk_0/inst/i_dac1_buf" located at site "BUFGCTRL_X0Y2"
#startgroup
create_pblock {CLKAG_adc2dac_ram_offset_i/redpitaya_adc_dac_clk_0/inst/dac_clk_o}
add_cells_to_pblock [get_pblocks  {CLKAG_adc2dac_ram_offset_i/redpitaya_adc_dac_clk_0/inst/dac_clk_o}] [get_cells -filter { PRIMITIVE_GROUP != I/O && IS_PRIMITIVE==1 && PRIMITIVE_LEVEL !=INTERNAL } -of_object [get_pins -filter {DIRECTION==IN} -of_objects [get_nets -hierarchical -filter {PARENT=="adc2dac_ram_offset_i/redpitaya_adc_dac_clk_0/inst/dac_clk_o"}]]]
resize_pblock [get_pblocks {CLKAG_adc2dac_ram_offset_i/redpitaya_adc_dac_clk_0/inst/dac_clk_o}] -add {CLOCKREGION_X1Y0:CLOCKREGION_X1Y0 CLOCKREGION_X1Y1:CLOCKREGION_X1Y1}
#endgroup

# Clock net "adc2dac_ram_offset_i/redpitaya_adc_dac_clk_0/inst/dac_2ph_o" driven by instance "adc2dac_ram_offset_i/redpitaya_adc_dac_clk_0/inst/i_dac2ph_buf" located at site "BUFGCTRL_X0Y4"
#startgroup
create_pblock {CLKAG_adc2dac_ram_offset_i/redpitaya_adc_dac_clk_0/inst/dac_2ph_o}
add_cells_to_pblock [get_pblocks  {CLKAG_adc2dac_ram_offset_i/redpitaya_adc_dac_clk_0/inst/dac_2ph_o}] [get_cells -filter { PRIMITIVE_GROUP != I/O && IS_PRIMITIVE==1 && PRIMITIVE_LEVEL !=INTERNAL } -of_object [get_pins -filter {DIRECTION==IN} -of_objects [get_nets -hierarchical -filter {PARENT=="adc2dac_ram_offset_i/redpitaya_adc_dac_clk_0/inst/dac_2ph_o"}]]]
resize_pblock [get_pblocks {CLKAG_adc2dac_ram_offset_i/redpitaya_adc_dac_clk_0/inst/dac_2ph_o}] -add {CLOCKREGION_X1Y1:CLOCKREGION_X1Y1}
#endgroup

# Clock net "adc2dac_ram_offset_i/redpitaya_adc_dac_clk_0/inst/dac_2clk_o" driven by instance "adc2dac_ram_offset_i/redpitaya_adc_dac_clk_0/inst/i_dac2_buf" located at site "BUFGCTRL_X0Y3"
#startgroup
create_pblock {CLKAG_adc2dac_ram_offset_i/redpitaya_adc_dac_clk_0/inst/dac_2clk_o}
add_cells_to_pblock [get_pblocks  {CLKAG_adc2dac_ram_offset_i/redpitaya_adc_dac_clk_0/inst/dac_2clk_o}] [get_cells -filter { PRIMITIVE_GROUP != I/O && IS_PRIMITIVE==1 && PRIMITIVE_LEVEL !=INTERNAL } -of_object [get_pins -filter {DIRECTION==IN} -of_objects [get_nets -hierarchical -filter {PARENT=="adc2dac_ram_offset_i/redpitaya_adc_dac_clk_0/inst/dac_2clk_o"}]]]
resize_pblock [get_pblocks {CLKAG_adc2dac_ram_offset_i/redpitaya_adc_dac_clk_0/inst/dac_2clk_o}] -add {CLOCKREGION_X1Y1:CLOCKREGION_X1Y1}
#endgroup

# Clock net "adc2dac_ram_offset_i/redpitaya_adc_dac_clk_0/inst/adc_clk_o" driven by instance "adc2dac_ram_offset_i/redpitaya_adc_dac_clk_0/inst/i_adc_buf" located at site "BUFGCTRL_X0Y1"
#startgroup
create_pblock {CLKAG_adc2dac_ram_offset_i/redpitaya_adc_dac_clk_0/inst/adc_clk_o}
add_cells_to_pblock [get_pblocks  {CLKAG_adc2dac_ram_offset_i/redpitaya_adc_dac_clk_0/inst/adc_clk_o}] [get_cells -filter { PRIMITIVE_GROUP != I/O && IS_PRIMITIVE==1 && PRIMITIVE_LEVEL !=INTERNAL && NAME!=adc2dac_ram_offset_i/redpitaya_adc_dac_clk_0/inst/i_dac_plle2} -of_object [get_pins -filter {DIRECTION==IN} -of_objects [get_nets -hierarchical -filter {PARENT=="adc2dac_ram_offset_i/redpitaya_adc_dac_clk_0/inst/adc_clk_o"}]]]
resize_pblock [get_pblocks {CLKAG_adc2dac_ram_offset_i/redpitaya_adc_dac_clk_0/inst/adc_clk_o}] -add {CLOCKREGION_X0Y0:CLOCKREGION_X0Y0 CLOCKREGION_X1Y0:CLOCKREGION_X1Y0}
#endgroup

# Clock net "adc2dac_ram_offset_i/processing_system7_0/inst/FCLK_CLK0" driven by instance "adc2dac_ram_offset_i/processing_system7_0/inst/buffer_fclk_clk_0.FCLK_CLK_0_BUFG" located at site "BUFGCTRL_X0Y0"
#startgroup
create_pblock {CLKAG_adc2dac_ram_offset_i/processing_system7_0/inst/FCLK_CLK0}
add_cells_to_pblock [get_pblocks  {CLKAG_adc2dac_ram_offset_i/processing_system7_0/inst/FCLK_CLK0}] [get_cells -filter { PRIMITIVE_GROUP != I/O && IS_PRIMITIVE==1 && PRIMITIVE_LEVEL !=INTERNAL } -of_object [get_pins -filter {DIRECTION==IN} -of_objects [get_nets -hierarchical -filter {PARENT=="adc2dac_ram_offset_i/processing_system7_0/inst/FCLK_CLK0"}]]]
resize_pblock [get_pblocks {CLKAG_adc2dac_ram_offset_i/processing_system7_0/inst/FCLK_CLK0}] -add {CLOCKREGION_X0Y0:CLOCKREGION_X0Y0 CLOCKREGION_X0Y1:CLOCKREGION_X0Y1 CLOCKREGION_X1Y0:CLOCKREGION_X1Y0}
#endgroup
