Copyright 1986-2016 Xilinx, Inc. All Rights Reserved.
------------------------------------------------------------------------------------------------------------------------------------------------------------------------
| Tool Version : Vivado v.2016.4 (lin64) Build 1733598 Wed Dec 14 22:35:42 MST 2016
| Date         : Tue Apr 25 12:32:53 2017
| Host         : ux305 running 64-bit Debian GNU/Linux 9.0 (stretch)
| Command      : report_drc -file adc2dac_ram_offset_wrapper_drc_routed.rpt -pb adc2dac_ram_offset_wrapper_drc_routed.pb -rpx adc2dac_ram_offset_wrapper_drc_routed.rpx
| Design       : adc2dac_ram_offset_wrapper
| Device       : xc7z010clg400-1
| Speed File   : -1
| Design State : Routed
------------------------------------------------------------------------------------------------------------------------------------------------------------------------

Report DRC

Table of Contents
-----------------
1. REPORT SUMMARY
2. REPORT DETAILS

1. REPORT SUMMARY
-----------------
            Netlist: netlist
          Floorplan: design_1
      Design limits: <entire design considered>
           Ruledeck: default
             Max violations: <unlimited>
             Violations found: 2
+-----------+----------+------------------+------------+
| Rule      | Severity | Description      | Violations |
+-----------+----------+------------------+------------+
| REQP-1615 | Warning  | use_IOB_register | 2          |
+-----------+----------+------------------+------------+

2. REPORT DETAILS
-----------------
REQP-1615#1 Warning
use_IOB_register  
The FDCE cell adc2dac_ram_offset_i/ltc2145_0/U0/ltc2145_capture_inst/data_a_s_reg[13] has IOB set to TRUE, but does not connect directly to an IO cell. Remove the constraint or ensure the FDCE is property connected to an IO.
Related violations: <none>

REQP-1615#2 Warning
use_IOB_register  
The FDCE cell adc2dac_ram_offset_i/ltc2145_0/U0/ltc2145_capture_inst/data_b_s_reg[13] has IOB set to TRUE, but does not connect directly to an IO cell. Remove the constraint or ensure the FDCE is property connected to an IO.
Related violations: <none>


